// Jest Snapshot v1, https://goo.gl/fbAQLP

exports[`Test <AdmissionDropout /> Test Snapshot 1`] = `
Object {
  "asFragment": [Function],
  "baseElement": <body>
    <div
      id="chakra-toast-portal"
    >
      <ul
        id="chakra-toast-manager-top"
        style="position: fixed; z-index: 5500; pointer-events: none; display: flex; flex-direction: column; margin: 0px auto; top: 0px; right: 0px; left: 0px;"
      />
      <ul
        id="chakra-toast-manager-top-left"
        style="position: fixed; z-index: 5500; pointer-events: none; display: flex; flex-direction: column; top: 0px; left: 0px;"
      />
      <ul
        id="chakra-toast-manager-top-right"
        style="position: fixed; z-index: 5500; pointer-events: none; display: flex; flex-direction: column; top: 0px; right: 0px;"
      />
      <ul
        id="chakra-toast-manager-bottom-left"
        style="position: fixed; z-index: 5500; pointer-events: none; display: flex; flex-direction: column; bottom: 0px; left: 0px;"
      />
      <ul
        id="chakra-toast-manager-bottom"
        style="position: fixed; z-index: 5500; pointer-events: none; display: flex; flex-direction: column; margin: 0px auto; bottom: 0px; right: 0px; left: 0px;"
      />
      <ul
        id="chakra-toast-manager-bottom-right"
        style="position: fixed; z-index: 5500; pointer-events: none; display: flex; flex-direction: column; bottom: 0px; right: 0px;"
      />
    </div>
    <div>
      <div
        class="css-xtzu7m"
      >
        <div
          class="css-qfh9pt"
          data-testid="BoxContainer"
        >
          <div
            class="chakra-stack unselectable css-iquqh5"
          >
            <p
              class="chakra-text verticalText css-1mwd8m3"
            >
              Información Complementaria
            </p>
            <div
              style="opacity: 0;"
            >
              <p
                class="chakra-text css-1yyofq7"
              >
                Tipo de ingreso: 
                 
                PSU
              </p>
              <p
                class="chakra-text css-1yyofq7"
              >
                Evaluación inicial diagnóstica: 
                 
                10
              </p>
              <p
                class="chakra-text css-1yyofq7"
              >
                Evaluación nacional diagnóstica: 
                 
                20
              </p>
              <p
                class="chakra-text css-tcsrcc"
              >
                Sistema educacional:
                 
                Publico
              </p>
              <p
                class="chakra-text css-13kiv3l"
                data-testid="inst"
              >
                Nombre de institución:
                 
                Escuela
              </p>
              <p
                class="chakra-text css-1yyofq7"
              >
                Meses hasta encontrar trabajo:
                 
                6
              </p>
            </div>
          </div>
        </div>
      </div>
    </div>
  </body>,
  "container": <div>
    <div
      class="css-xtzu7m"
    >
      <div
        class="css-qfh9pt"
        data-testid="BoxContainer"
      >
        <div
          class="chakra-stack unselectable css-iquqh5"
        >
          <p
            class="chakra-text verticalText css-1mwd8m3"
          >
            Información Complementaria
          </p>
          <div
            style="opacity: 0;"
          >
            <p
              class="chakra-text css-1yyofq7"
            >
              Tipo de ingreso: 
               
              PSU
            </p>
            <p
              class="chakra-text css-1yyofq7"
            >
              Evaluación inicial diagnóstica: 
               
              10
            </p>
            <p
              class="chakra-text css-1yyofq7"
            >
              Evaluación nacional diagnóstica: 
               
              20
            </p>
            <p
              class="chakra-text css-tcsrcc"
            >
              Sistema educacional:
               
              Publico
            </p>
            <p
              class="chakra-text css-13kiv3l"
              data-testid="inst"
            >
              Nombre de institución:
               
              Escuela
            </p>
            <p
              class="chakra-text css-1yyofq7"
            >
              Meses hasta encontrar trabajo:
               
              6
            </p>
          </div>
        </div>
      </div>
    </div>
  </div>,
  "debug": [Function],
  "findAllByAltText": [Function],
  "findAllByDisplayValue": [Function],
  "findAllByLabelText": [Function],
  "findAllByPlaceholderText": [Function],
  "findAllByRole": [Function],
  "findAllByTestId": [Function],
  "findAllByText": [Function],
  "findAllByTitle": [Function],
  "findByAltText": [Function],
  "findByDisplayValue": [Function],
  "findByLabelText": [Function],
  "findByPlaceholderText": [Function],
  "findByRole": [Function],
  "findByTestId": [Function],
  "findByText": [Function],
  "findByTitle": [Function],
  "getAllByAltText": [Function],
  "getAllByDisplayValue": [Function],
  "getAllByLabelText": [Function],
  "getAllByPlaceholderText": [Function],
  "getAllByRole": [Function],
  "getAllByTestId": [Function],
  "getAllByText": [Function],
  "getAllByTitle": [Function],
  "getByAltText": [Function],
  "getByDisplayValue": [Function],
  "getByLabelText": [Function],
  "getByPlaceholderText": [Function],
  "getByRole": [Function],
  "getByTestId": [Function],
  "getByText": [Function],
  "getByTitle": [Function],
  "queryAllByAltText": [Function],
  "queryAllByDisplayValue": [Function],
  "queryAllByLabelText": [Function],
  "queryAllByPlaceholderText": [Function],
  "queryAllByRole": [Function],
  "queryAllByTestId": [Function],
  "queryAllByText": [Function],
  "queryAllByTitle": [Function],
  "queryByAltText": [Function],
  "queryByDisplayValue": [Function],
  "queryByLabelText": [Function],
  "queryByPlaceholderText": [Function],
  "queryByRole": [Function],
  "queryByTestId": [Function],
  "queryByText": [Function],
  "queryByTitle": [Function],
  "rerender": [Function],
  "unmount": [Function],
}
`;
